// Jest Snapshot v1, https://goo.gl/fbAQLP

exports[`SearchForm renders correctly 1`] = `
<DocumentFragment>
  <div
    class="search-form"
  >
    <input
      class="search-form__text"
      placeholder="Enter a city in the UK"
      type="text"
      value=""
    />
    <button
      class="search-form__button"
      type="submit"
    >
      Search
    </button>
  </div>
</DocumentFragment>
`;
